[2J[01;01H[=3h[2J[01;01H[2J[01;01H[=3h[2J[01;01H[2J[01;01H[=3h[2J[01;01HBdsDxe: loading Boot0001 "UEFI QEMU HARDDISK QM00001 " from PciRoot(0x0)/Pci(0x1,0x1)/Ata(Primary,Master,0x0)
BdsDxe: starting Boot0001 "UEFI QEMU HARDDISK QM00001 " from PciRoot(0x0)/Pci(0x1,0x1)/Ata(Primary,Master,0x0)
WARNUNG: Scancode-Queue noch nicht initialisiert
[BOOT] SpeedOS startet (bootloader_api 0.11) ...
[ZEIT] TSC kalibriert: 4175,747 MHz (Kontrollmessung weicht 0 Promille ab, Dauer 208 ms, invariant laut CPUID: ja)
[ZEIT] RTC gelesen: 20.07.2026 17:01:25
[FB] Linearer Framebuffer: 1360x768 Pixel, Format Bgr, 4 Bytes/Pixel, Stride 1360 Pixel, Puffer 4080 KiB
[2J[H[ATA] Boot-Laufwerk (Primary Master): 'QEMU HARDDISK', 34944 Sektoren = 17 MiB [schreibgeschuetzt]
[ATA] Daten-Laufwerk (Primary Slave): 'QEMU HARDDISK', 131072 Sektoren = 64 MiB
[EINSTELLUNGEN] 0 Wert(e) aus /system/einstellungen.txt geladen.
[BOOT] GDT/IDT/PIC, Speicher, Heap, Grafik und RamFs initialisiert.
[2J[H[93;44m                                                            
    ____                      _  ___  ____                  
   / ___| _ __   ___  ___  __| |/ _ \/ ___|                 
   \___ \| '_ \ / _ \/ _ \/ _` | | | \___ \                 
    ___) | |_) |  __/  __/ (_| | |_| |___) |                
   |____/| .__/ \___|\___|\__,_|\___/|____/                 
         |_|      v0.1  -  ein OS in Rust                   
                                                            
[96;40m
Willkommen in der SpeedShell!
Tippe 'help' fuer alle Befehle. Pfeil hoch/runter = Verlauf.

[37;40m[92;40mSpeedOS:/> [37;40mblocktest 1000
Daten-Platte, Sektor 1000 (512 Bytes):
[90;40m  0000  [37;40m53 50 45 45 44 4f 53 21  03 00 00 00 00 00 00 00 [96;40m |SPEEDOS!........|
[90;40m  0010  [37;40m80 87 8e 95 9c a3 aa b1  b8 bf c6 cd d4 db e2 e9 [96;40m |................|
[90;40m  0020  [37;40mf0 f7 fe 05 0c 13 1a 21  28 2f 36 3d 44 4b 52 59 [96;40m |.......!(/6=DKRY|
[90;40m  0030  [37;40m60 67 6e 75 7c 83 8a 91  98 9f a6 ad b4 bb c2 c9 [96;40m |`gnu|...........|
[90;40m  0040  [37;40md0 d7 de e5 ec f3 fa 01  08 0f 16 1d 24 2b 32 39 [96;40m |............$+29|
[90;40m  0050  [37;40m40 47 4e 55 5c 63 6a 71  78 7f 86 8d 94 9b a2 a9 [96;40m |@GNU\cjqx.......|
[90;40m  0060  [37;40mb0 b7 be c5 cc d3 da e1  e8 ef f6 fd 04 0b 12 19 [96;40m |................|
[90;40m  0070  [37;40m20 27 2e 35 3c 43 4a 51  58 5f 66 6d 74 7b 82 89 [96;40m | '.5<CJQX_fmt{..|
[90;40m  0080  [37;40m90 97 9e a5 ac b3 ba c1  c8 cf d6 dd e4 eb f2 f9 [96;40m |................|
[90;40m  0090  [37;40m00 07 0e 15 1c 23 2a 31  38 3f 46 4d 54 5b 62 69 [96;40m |.....#*18?FMT[bi|
[90;40m  00a0  [37;40m70 77 7e 85 8c 93 9a a1  a8 af b6 bd c4 cb d2 d9 [96;40m |pw~.............|
[90;40m  00b0  [37;40me0 e7 ee f5 fc 03 0a 11  18 1f 26 2d 34 3b 42 49 [96;40m |..........&-4;BI|
[90;40m  00c0  [37;40m50 57 5e 65 6c 73 7a 81  88 8f 96 9d a4 ab b2 b9 [96;40m |PW^elsz.........|
[90;40m  00d0  [37;40mc0 c7 ce d5 dc e3 ea f1  f8 ff 06 0d 14 1b 22 29 [96;40m |..............")|
[90;40m  00e0  [37;40m30 37 3e 45 4c 53 5a 61  68 6f 76 7d 84 8b 92 99 [96;40m |07>ELSZahov}....|
[90;40m  00f0  [37;40ma0 a7 ae b5 bc c3 ca d1  d8 df e6 ed f4 fb 02 09 [96;40m |................|
[90;40m  0100  [37;40m10 17 1e 25 2c 33 3a 41  48 4f 56 5d 64 6b 72 79 [96;40m |...%,3:AHOV]dkry|
[90;40m  0110  [37;40m80 87 8e 95 9c a3 aa b1  b8 bf c6 cd d4 db e2 e9 [96;40m |................|
[90;40m  0120  [37;40mf0 f7 fe 05 0c 13 1a 21  28 2f 36 3d 44 4b 52 59 [96;40m |.......!(/6=DKRY|
[90;40m  0130  [37;40m60 67 6e 75 7c 83 8a 91  98 9f a6 ad b4 bb c2 c9 [96;40m |`gnu|...........|
[90;40m  0140  [37;40md0 d7 de e5 ec f3 fa 01  08 0f 16 1d 24 2b 32 39 [96;40m |............$+29|
[90;40m  0150  [37;40m40 47 4e 55 5c 63 6a 71  78 7f 86 8d 94 9b a2 a9 [96;40m |@GNU\cjqx.......|
[90;40m  0160  [37;40mb0 b7 be c5 cc d3 da e1  e8 ef f6 fd 04 0b 12 19 [96;40m |................|
[90;40m  0170  [37;40m20 27 2e 35 3c 43 4a 51  58 5f 66 6d 74 7b 82 89 [96;40m | '.5<CJQX_fmt{..|
[90;40m  0180  [37;40m90 97 9e a5 ac b3 ba c1  c8 cf d6 dd e4 eb f2 f9 [96;40m |................|
[90;40m  0190  [37;40m00 07 0e 15 1c 23 2a 31  38 3f 46 4d 54 5b 62 69 [96;40m |.....#*18?FMT[bi|
[90;40m  01a0  [37;40m70 77 7e 85 8c 93 9a a1  a8 af b6 bd c4 cb d2 d9 [96;40m |pw~.............|
[90;40m  01b0  [37;40me0 e7 ee f5 fc 03 0a 11  18 1f 26 2d 34 3b 42 49 [96;40m |..........&-4;BI|
[90;40m  01c0  [37;40m50 57 5e 65 6c 73 7a 81  88 8f 96 9d a4 ab b2 b9 [96;40m |PW^elsz.........|
[90;40m  01d0  [37;40mc0 c7 ce d5 dc e3 ea f1  f8 ff 06 0d 14 1b 22 29 [96;40m |..............")|
[90;40m  01e0  [37;40m30 37 3e 45 4c 53 5a 61  68 6f 76 7d 84 8b 92 99 [96;40m |07>ELSZahov}....|
[90;40m  01f0  [37;40ma0 a7 ae b5 bc c3 ca d1  d8 df e6 ed f4 fb 02 09 [96;40m |................|
[92;40mSpeedOS:/> [37;40m