[2J[01;01H[=3h[2J[01;01H[2J[01;01H[=3h[2J[01;01H[2J[01;01H[=3h[2J[01;01HBdsDxe: loading Boot0001 "UEFI QEMU HARDDISK QM00001 " from PciRoot(0x0)/Pci(0x1,0x1)/Ata(Primary,Master,0x0)
BdsDxe: starting Boot0001 "UEFI QEMU HARDDISK QM00001 " from PciRoot(0x0)/Pci(0x1,0x1)/Ata(Primary,Master,0x0)
WARNUNG: Scancode-Queue noch nicht initialisiert
[BOOT] SpeedOS startet (bootloader_api 0.11) ...
[ZEIT] TSC kalibriert: 4192,612 MHz (Kontrollmessung weicht 3 Promille ab, Dauer 208 ms, invariant laut CPUID: ja)
[ZEIT] RTC gelesen: 20.07.2026 23:33:37
[FB] Linearer Framebuffer: 1360x768 Pixel, Format Bgr, 4 Bytes/Pixel, Stride 1360 Pixel, Puffer 4080 KiB
[2J[H[ATA] Boot-Laufwerk (Primary Master): 'QEMU HARDDISK', 39040 Sektoren = 19 MiB [schreibgeschuetzt]
[ATA] Daten-Laufwerk (Primary Slave): 'QEMU HARDDISK', 131072 Sektoren = 64 MiB
[ATA] FAT-Laufwerk (Secondary Master): 'QEMU HARDDISK', 67064 Sektoren = 32 MiB [schreibgeschuetzt]
[PLATTE] SpeedFS auf /platte gemountet (63 MiB frei von 63 MiB).
Daten-Platte eingehaengt: /platte (63 MiB frei von 63 MiB)
[FAT] FAT32 'SPEEDOSFAT' auf /fat gemountet (nur lesen).
FAT-Laufwerk eingehaengt: /fat (nur lesen)
[EINSTELLUNGEN] 0 Wert(e) aus /platte/system/einstellungen.txt geladen.
[BOOT] GDT/IDT/PIC, Speicher, Heap, Grafik und RamFs initialisiert.
[2J[H[93;44m                                                            
    ____                      _  ___  ____                  
   / ___| _ __   ___  ___  __| |/ _ \/ ___|                 
   \___ \| '_ \ / _ \/ _ \/ _` | | | \___ \                 
    ___) | |_) |  __/  __/ (_| | |_| |___) |                
   |____/| .__/ \___|\___|\__,_|\___/|____/                 
         |_|      v0.1  -  ein OS in Rust                   
                                                            
[96;40m
Willkommen in der SpeedShell!
Tippe 'help' fuer alle Befehle. Pfeil hoch/runter = Verlauf.

[37;40m[92;40mSpeedOS:/> [37;40m